<html>
<body>
<pre>
<h1>µVision Build Log</h1>
<h2>Tool Versions:</h2>
IDE-Version: µVision V5.24.2.0
Copyright (C) 2017 ARM Ltd and ARM Germany GmbH. All rights reserved.
License Information: Mikolaj Jaworski, NTNU, LIC=----
 
Tool Versions:
Toolchain:       MDK-Lite  Version: 5.24.1
Toolchain Path:  C:\Keil_v5\ARM\ARMCC\Bin
C Compiler:      Armcc.exe V5.06 update 5 (build 528)
Assembler:       Armasm.exe V5.06 update 5 (build 528)
Linker/Locator:  ArmLink.exe V5.06 update 5 (build 528)
Library Manager: ArmAr.exe V5.06 update 5 (build 528)
Hex Converter:   FromElf.exe V5.06 update 5 (build 528)
CPU DLL:         SARMCM3.DLL V5.24.1
Dialog DLL:      DARMCM1.DLL V1.18.0.0
Target DLL:      UL2CM3.DLL V1.160.3.0
Dialog DLL:      TARMCM1.DLL V1.13.0.0
 
<h2>Project:</h2>
C:\Users\Mikolaj Jaworski\Desktop\Mapper\Skole\Semester 6\Bacheloroppgave\Software\Software\MCU\Control_System.uvprojx
Project File Date:  02/10/2018

<h2>Output:</h2>
*** Using Compiler 'V5.06 update 5 (build 528)', folder: 'C:\Keil_v5\ARM\ARMCC\Bin'
Build target 'Target 1'
compiling main.c...
main.c(12): warning:  #1-D: last line of file ends without a newline
  }
main.c: 1 warning, 0 errors
linking...
.\Objects\Control_System.axf: Warning: L6914W: option ro-base ignored when using --scatter.
.\Objects\Control_System.axf: Warning: L6914W: option rw-base ignored when using --scatter.
.\Objects\Control_System.axf: Warning: L6340W: options first and last are ignored for link type of scattered
Program Size: Code=452 RO-data=240 RW-data=4 ZI-data=524  
Finished: 0 information, 3 warning and 0 error messages.
".\Objects\Control_System.axf" - 0 Error(s), 4 Warning(s).

<h2>Software Packages used:</h2>

Package Vendor: ARM
                http://www.keil.com/pack/ARM.CMSIS.5.2.0.pack
                ARM.CMSIS.5.2.0
                CMSIS (Cortex Microcontroller Software Interface Standard)
   * Component: CORE Version: 5.0.2

Package Vendor: NXP
                http://mcuxpresso.nxp.com/cmsis_pack/repo/NXP.MKE02Z4_DFP.10.0.0.pack
                NXP.MKE02Z4_DFP.10.0.0
                Device Family Pack for MKE02Z4
   * Component: Startup Version: 1.0.0
   * Component: uart Version: 2.1.5
   * Component: port Version: 2.0.0
   * Component: gpio Version: 2.0.0
   * Component: ftm Version: 2.0.2
   * Component: common Version: 2.0.0
   * Component: clock Version: 2.1.0
   * Component: adc Version: 2.0.0

<h2>Collection of Component include folders:</h2>
  .\RTE\Device\MKE02Z64VQH4
  .\RTE\_Target_1
  C:\Keil_v5\ARM\PACK\ARM\CMSIS\5.2.0\CMSIS\Include
  C:\Keil_v5\ARM\PACK\NXP\MKE02Z4_DFP\10.0.0\drivers

<h2>Collection of Component Files used:</h2>

   * Component: NXP::Device:Startup:1.0.0
      Include file:  fsl_device_registers.h
      Source file:   system_MKE02Z4.c
      Include file:  MKE02Z4.h
      Source file:   arm\startup_MKE02Z4.s
      Include file:  system_MKE02Z4.h
      Include file:  MKE02Z4_features.h

   * Component: NXP::Device:SDK Drivers:uart:2.1.5
      Source file:   drivers\fsl_uart.c
      Include file:  drivers\fsl_uart.h

   * Component: NXP::Device:SDK Drivers:port:2.0.0
      Source file:   drivers\fsl_port.c
      Include file:  drivers\fsl_port.h

   * Component: NXP::Device:SDK Drivers:gpio:2.0.0
      Source file:   drivers\fsl_gpio.c
      Include file:  drivers\fsl_gpio.h

   * Component: NXP::Device:SDK Drivers:ftm:2.0.2
      Include file:  drivers\fsl_ftm.h
      Source file:   drivers\fsl_ftm.c

   * Component: NXP::Device:SDK Drivers:common:2.0.0
      Include file:  drivers\fsl_common.h
      Source file:   drivers\fsl_common.c

   * Component: NXP::Device:SDK Drivers:clock:2.1.0
      Source file:   drivers\fsl_clock.c
      Include file:  drivers\fsl_clock.h

   * Component: NXP::Device:SDK Drivers:adc:2.0.0
      Include file:  drivers\fsl_adc.h
      Source file:   drivers\fsl_adc.c

   * Component: ARM::CMSIS:CORE:5.0.2
Build Time Elapsed:  00:00:04
</pre>
</body>
</html>
