22:04:03 **** Incremental Build of configuration Debug for project MKE02Z64xxx4_Project ****
make -r -j4 all 
Building file: ../source/main.c
Invoking: MCU C Compiler
arm-none-eabi-gcc -D__REDLIB__ -DPRINTF_FLOAT_ENABLE=0 -D__USE_CMSIS -DCR_INTEGER_PRINTF -DSDK_DEBUGCONSOLE=0 -D__MCUXPRESSO -DDEBUG -DSDK_OS_BAREMETAL -DFSL_RTOS_BM -DCPU_MKE02Z64VQH4 -DCPU_MKE02Z64VQH4_cm0plus -I"C:\Users\Mikolaj Jaworski\Desktop\Mapper\Skole\Semester 6\Bacheloroppgave\Software\Software\MCU\MKE02Z64xxx4_Project\board" -I"C:\Users\Mikolaj Jaworski\Desktop\Mapper\Skole\Semester 6\Bacheloroppgave\Software\Software\MCU\MKE02Z64xxx4_Project\source" -I"C:\Users\Mikolaj Jaworski\Desktop\Mapper\Skole\Semester 6\Bacheloroppgave\Software\Software\MCU\MKE02Z64xxx4_Project" -I"C:\Users\Mikolaj Jaworski\Desktop\Mapper\Skole\Semester 6\Bacheloroppgave\Software\Software\MCU\MKE02Z64xxx4_Project\drivers" -I"C:\Users\Mikolaj Jaworski\Desktop\Mapper\Skole\Semester 6\Bacheloroppgave\Software\Software\MCU\MKE02Z64xxx4_Project\CMSIS" -I"C:\Users\Mikolaj Jaworski\Desktop\Mapper\Skole\Semester 6\Bacheloroppgave\Software\Software\MCU\MKE02Z64xxx4_Project\utilities" -I"C:\Users\Mikolaj Jaworski\Desktop\Mapper\Skole\Semester 6\Bacheloroppgave\Software\Software\MCU\MKE02Z64xxx4_Project\startup" -O0 -fno-common -g3 -Wall -c -fmessage-length=0 -mcpu=cortex-m0plus -mthumb -D__REDLIB__ -specs=redlib.specs -MMD -MP -MF"source/main.d" -MT"source/main.o" -MT"source/main.d" -o "source/main.o" "../source/main.c"
../source/main.c: In function 'adc_Init':
../source/main.c:50:23: warning: variable 'chan_config' set but not used [-Wunused-but-set-variable]
  adc_channel_config_t chan_config;
                       ^~~~~~~~~~~
Finished building: ../source/main.c
 
Building target: MKE02Z64xxx4_Project.axf
Invoking: MCU Linker
arm-none-eabi-gcc -nostdlib -Xlinker -print-memory-usage -Xlinker --gc-sections -Xlinker -Map="MKE02Z64xxx4_Project.map" -mcpu=cortex-m0plus -mthumb -T MKE02Z64xxx4_Project_Debug.ld -o "MKE02Z64xxx4_Project.axf"  ./utilities/fsl_debug_console.o ./utilities/fsl_io.o ./utilities/fsl_log.o ./utilities/fsl_str.o  ./startup/startup_mke02z4.o  ./source/main.o ./source/semihost_hardfault.o  ./drivers/fsl_adc.o ./drivers/fsl_clock.o ./drivers/fsl_common.o ./drivers/fsl_gpio.o ./drivers/fsl_port.o ./drivers/fsl_uart.o  ./board/board.o ./board/clock_config.o ./board/peripherals.o ./board/pin_mux.o  ./CMSIS/system_MKE02Z4.o   
Memory region         Used Size  Region Size  %age Used
   PROGRAM_FLASH:       12760 B        64 KB     19.47%
            SRAM:         728 B         4 KB     17.77%
Finished building target: MKE02Z64xxx4_Project.axf
 
make --no-print-directory post-build
Performing post-build steps
arm-none-eabi-size "MKE02Z64xxx4_Project.axf"; # arm-none-eabi-objcopy -v -O binary "MKE02Z64xxx4_Project.axf" "MKE02Z64xxx4_Project.bin" ; # checksum -p MKE02Z64xxx4 -d "MKE02Z64xxx4_Project.bin";
   text	   data	    bss	    dec	    hex	filename
  12756	      4	    724	  13484	   34ac	MKE02Z64xxx4_Project.axf
 

22:04:07 Build Finished (took 4s.893ms)

